{
  "test/fixtures/c8/c8-ignore-start-stop.js": {
    "path": "test/fixtures/c8/c8-ignore-start-stop.js",
    "all": false,
    "statementMap": {
      "0": {
        "start": {
          "line": 1,
          "column": 0
        },
        "end": {
          "line": 1,
          "column": 12
        }
      },
      "1": {
        "start": {
          "line": 2,
          "column": 0
        },
        "end": {
          "line": 2,
          "column": 22
        }
      },
      "2": {
        "start": {
          "line": 3,
          "column": 0
        },
        "end": {
          "line": 3,
          "column": 11
        }
      },
      "3": {
        "start": {
          "line": 4,
          "column": 0
        },
        "end": {
          "line": 4,
          "column": 25
        }
      },
      "4": {
        "start": {
          "line": 5,
          "column": 0
        },
        "end": {
          "line": 5,
          "column": 21
        }
      },
      "5": {
        "start": {
          "line": 6,
          "column": 0
        },
        "end": {
          "line": 6,
          "column": 8
        }
      },
      "6": {
        "start": {
          "line": 7,
          "column": 0
        },
        "end": {
          "line": 7,
          "column": 27
        }
      },
      "7": {
        "start": {
          "line": 8,
          "column": 0
        },
        "end": {
          "line": 8,
          "column": 1
        }
      },
      "8": {
        "start": {
          "line": 9,
          "column": 0
        },
        "end": {
          "line": 9,
          "column": 20
        }
      },
      "9": {
        "start": {
          "line": 10,
          "column": 0
        },
        "end": {
          "line": 10,
          "column": 0
        }
      },
      "10": {
        "start": {
          "line": 11,
          "column": 0
        },
        "end": {
          "line": 11,
          "column": 33
        }
      },
      "11": {
        "start": {
          "line": 12,
          "column": 0
        },
        "end": {
          "line": 12,
          "column": 25
        }
      },
      "12": {
        "start": {
          "line": 13,
          "column": 0
        },
        "end": {
          "line": 13,
          "column": 0
        }
      },
      "13": {
        "start": {
          "line": 14,
          "column": 0
        },
        "end": {
          "line": 14,
          "column": 1
        }
      },
      "14": {
        "start": {
          "line": 15,
          "column": 0
        },
        "end": {
          "line": 15,
          "column": 20
        }
      },
      "15": {
        "start": {
          "line": 16,
          "column": 0
        },
        "end": {
          "line": 16,
          "column": 0
        }
      },
      "16": {
        "start": {
          "line": 17,
          "column": 0
        },
        "end": {
          "line": 17,
          "column": 11
        }
      },
      "17": {
        "start": {
          "line": 18,
          "column": 0
        },
        "end": {
          "line": 18,
          "column": 25
        }
      },
      "18": {
        "start": {
          "line": 19,
          "column": 0
        },
        "end": {
          "line": 19,
          "column": 30
        }
      },
      "19": {
        "start": {
          "line": 20,
          "column": 0
        },
        "end": {
          "line": 20,
          "column": 27
        }
      },
      "20": {
        "start": {
          "line": 21,
          "column": 0
        },
        "end": {
          "line": 21,
          "column": 1
        }
      }
    },
    "s": {
      "0": 1,
      "1": 1,
      "2": 1,
      "3": 1,
      "4": 1,
      "5": 1,
      "6": 1,
      "7": 1,
      "8": 1,
      "9": 1,
      "10": 1,
      "11": 1,
      "12": 1,
      "13": 1,
      "14": 1,
      "15": 1,
      "16": 1,
      "17": 1,
      "18": 1,
      "19": 1,
      "20": 1
    },
    "branchMap": {
      "0": {
        "type": "branch",
        "line": 1,
        "loc": {
          "start": {
            "line": 1,
            "column": 0
          },
          "end": {
            "line": 21,
            "column": 1
          }
        },
        "locations": [
          {
            "start": {
              "line": 1,
              "column": 0
            },
            "end": {
              "line": 21,
              "column": 1
            }
          }
        ]
      },
      "1": {
        "type": "branch",
        "line": 2,
        "loc": {
          "start": {
            "line": 2,
            "column": 19
          },
          "end": {
            "line": 2,
            "column": 22
          }
        },
        "locations": [
          {
            "start": {
              "line": 2,
              "column": 19
            },
            "end": {
              "line": 2,
              "column": 22
            }
          }
        ]
      },
      "2": {
        "type": "branch",
        "line": 6,
        "loc": {
          "start": {
            "line": 6,
            "column": 1
          },
          "end": {
            "line": 8,
            "column": 1
          }
        },
        "locations": [
          {
            "start": {
              "line": 6,
              "column": 1
            },
            "end": {
              "line": 8,
              "column": 1
            }
          }
        ]
      },
      "3": {
        "type": "branch",
        "line": 19,
        "loc": {
          "start": {
            "line": 19,
            "column": 1
          },
          "end": {
            "line": 21,
            "column": 1
          }
        },
        "locations": [
          {
            "start": {
              "line": 19,
              "column": 1
            },
            "end": {
              "line": 21,
              "column": 1
            }
          }
        ]
      }
    },
    "b": {
      "0": [
        1
      ],
      "1": [
        0
      ],
      "2": [
        1
      ],
      "3": [
        1
      ]
    },
    "fnMap": {
      "0": {
        "name": "notExecuted",
        "decl": {
          "start": {
            "line": 12,
            "column": 0
          },
          "end": {
            "line": 14,
            "column": 1
          }
        },
        "loc": {
          "start": {
            "line": 12,
            "column": 0
          },
          "end": {
            "line": 14,
            "column": 1
          }
        },
        "line": 12
      }
    },
    "f": {
      "0": 1
    }
  }
}