{
  "stdout": "\n\n",
  "stderr": "",
  "status": 0,
  "signal": null
}