{
  "stdout": "",
  "stderr": "",
  "status": 0,
  "signal": null
}