{
  "test/fixtures/c8/export.cjs": {
    "path": "test/fixtures/c8/export.cjs",
    "all": false,
    "statementMap": {
      "0": {
        "start": {
          "line": 1,
          "column": 0
        },
        "end": {
          "line": 1,
          "column": 29
        }
      }
    },
    "s": {
      "0": 1
    },
    "branchMap": {
      "0": {
        "type": "branch",
        "line": 1,
        "loc": {
          "start": {
            "line": 1,
            "column": 0
          },
          "end": {
            "line": 1,
            "column": 29
          }
        },
        "locations": [
          {
            "start": {
              "line": 1,
              "column": 0
            },
            "end": {
              "line": 1,
              "column": 29
            }
          }
        ]
      },
      "1": {
        "type": "branch",
        "line": 1,
        "loc": {
          "start": {
            "line": 1,
            "column": 17
          },
          "end": {
            "line": 1,
            "column": 28
          }
        },
        "locations": [
          {
            "start": {
              "line": 1,
              "column": 17
            },
            "end": {
              "line": 1,
              "column": 28
            }
          }
        ]
      }
    },
    "b": {
      "0": [
        1
      ],
      "1": [
        1
      ]
    },
    "fnMap": {
      "0": {
        "name": "module.exports",
        "decl": {
          "start": {
            "line": 1,
            "column": 17
          },
          "end": {
            "line": 1,
            "column": 28
          }
        },
        "loc": {
          "start": {
            "line": 1,
            "column": 17
          },
          "end": {
            "line": 1,
            "column": 28
          }
        },
        "line": 1
      }
    },
    "f": {
      "0": 1
    }
  },
  "test/fixtures/c8/export.mjs": {
    "path": "test/fixtures/c8/export.mjs",
    "all": false,
    "statementMap": {
      "0": {
        "start": {
          "line": 1,
          "column": 0
        },
        "end": {
          "line": 1,
          "column": 24
        }
      },
      "1": {
        "start": {
          "line": 2,
          "column": 0
        },
        "end": {
          "line": 2,
          "column": 14
        }
      },
      "2": {
        "start": {
          "line": 3,
          "column": 0
        },
        "end": {
          "line": 3,
          "column": 1
        }
      },
      "3": {
        "start": {
          "line": 4,
          "column": 0
        },
        "end": {
          "line": 4,
          "column": 0
        }
      },
      "4": {
        "start": {
          "line": 5,
          "column": 0
        },
        "end": {
          "line": 5,
          "column": 32
        }
      },
      "5": {
        "start": {
          "line": 6,
          "column": 0
        },
        "end": {
          "line": 6,
          "column": 14
        }
      },
      "6": {
        "start": {
          "line": 7,
          "column": 0
        },
        "end": {
          "line": 7,
          "column": 1
        }
      }
    },
    "s": {
      "0": 1,
      "1": 0,
      "2": 0,
      "3": 1,
      "4": 1,
      "5": 1,
      "6": 1
    },
    "branchMap": {
      "0": {
        "type": "branch",
        "line": 1,
        "loc": {
          "start": {
            "line": 1,
            "column": 0
          },
          "end": {
            "line": 7,
            "column": 1
          }
        },
        "locations": [
          {
            "start": {
              "line": 1,
              "column": 0
            },
            "end": {
              "line": 7,
              "column": 1
            }
          }
        ]
      },
      "1": {
        "type": "branch",
        "line": 5,
        "loc": {
          "start": {
            "line": 5,
            "column": 15
          },
          "end": {
            "line": 7,
            "column": 1
          }
        },
        "locations": [
          {
            "start": {
              "line": 5,
              "column": 15
            },
            "end": {
              "line": 7,
              "column": 1
            }
          }
        ]
      }
    },
    "b": {
      "0": [
        1
      ],
      "1": [
        1
      ]
    },
    "fnMap": {
      "0": {
        "name": "foo",
        "decl": {
          "start": {
            "line": 1,
            "column": 7
          },
          "end": {
            "line": 3,
            "column": 1
          }
        },
        "loc": {
          "start": {
            "line": 1,
            "column": 7
          },
          "end": {
            "line": 3,
            "column": 1
          }
        },
        "line": 1
      },
      "1": {
        "name": "bar",
        "decl": {
          "start": {
            "line": 5,
            "column": 15
          },
          "end": {
            "line": 7,
            "column": 1
          }
        },
        "loc": {
          "start": {
            "line": 5,
            "column": 15
          },
          "end": {
            "line": 7,
            "column": 1
          }
        },
        "line": 5
      }
    },
    "f": {
      "0": 0,
      "1": 1
    }
  },
  "test/fixtures/c8/import.mjs": {
    "path": "test/fixtures/c8/import.mjs",
    "all": false,
    "statementMap": {
      "0": {
        "start": {
          "line": 1,
          "column": 0
        },
        "end": {
          "line": 1,
          "column": 30
        }
      },
      "1": {
        "start": {
          "line": 2,
          "column": 0
        },
        "end": {
          "line": 2,
          "column": 30
        }
      },
      "2": {
        "start": {
          "line": 3,
          "column": 0
        },
        "end": {
          "line": 3,
          "column": 0
        }
      },
      "3": {
        "start": {
          "line": 4,
          "column": 0
        },
        "end": {
          "line": 4,
          "column": 25
        }
      }
    },
    "s": {
      "0": 1,
      "1": 1,
      "2": 1,
      "3": 1
    },
    "branchMap": {
      "0": {
        "type": "branch",
        "line": 1,
        "loc": {
          "start": {
            "line": 1,
            "column": 0
          },
          "end": {
            "line": 4,
            "column": 25
          }
        },
        "locations": [
          {
            "start": {
              "line": 1,
              "column": 0
            },
            "end": {
              "line": 4,
              "column": 25
            }
          }
        ]
      }
    },
    "b": {
      "0": [
        1
      ]
    },
    "fnMap": {},
    "f": {}
  }
}