{
  "stdout": "bar foo\n",
  "stderr": "",
  "status": 0,
  "signal": null
}