{
  "stdout": "reachable\na = true\na = false\n",
  "stderr": "",
  "status": 0,
  "signal": null
}