{
  "stdout": "hi\n",
  "stderr": "",
  "status": 0,
  "signal": null
}