{
  "test/fixtures/c8/ts-node-basic.ts": {
    "path": "test/fixtures/c8/ts-node-basic.ts",
    "all": false,
    "statementMap": {
      "0": {
        "start": {
          "line": 1,
          "column": 0
        },
        "end": {
          "line": 1,
          "column": 29
        }
      },
      "1": {
        "start": {
          "line": 2,
          "column": 0
        },
        "end": {
          "line": 2,
          "column": 12
        }
      },
      "2": {
        "start": {
          "line": 3,
          "column": 0
        },
        "end": {
          "line": 3,
          "column": 1
        }
      },
      "3": {
        "start": {
          "line": 4,
          "column": 0
        },
        "end": {
          "line": 4,
          "column": 0
        }
      },
      "4": {
        "start": {
          "line": 5,
          "column": 0
        },
        "end": {
          "line": 5,
          "column": 11
        }
      },
      "5": {
        "start": {
          "line": 6,
          "column": 0
        },
        "end": {
          "line": 6,
          "column": 12
        }
      },
      "6": {
        "start": {
          "line": 7,
          "column": 0
        },
        "end": {
          "line": 7,
          "column": 37
        }
      },
      "7": {
        "start": {
          "line": 8,
          "column": 0
        },
        "end": {
          "line": 8,
          "column": 39
        }
      },
      "8": {
        "start": {
          "line": 9,
          "column": 0
        },
        "end": {
          "line": 9,
          "column": 17
        }
      },
      "9": {
        "start": {
          "line": 10,
          "column": 0
        },
        "end": {
          "line": 10,
          "column": 29
        }
      },
      "10": {
        "start": {
          "line": 11,
          "column": 0
        },
        "end": {
          "line": 11,
          "column": 12
        }
      },
      "11": {
        "start": {
          "line": 12,
          "column": 0
        },
        "end": {
          "line": 12,
          "column": 31
        }
      },
      "12": {
        "start": {
          "line": 13,
          "column": 0
        },
        "end": {
          "line": 13,
          "column": 5
        }
      },
      "13": {
        "start": {
          "line": 14,
          "column": 0
        },
        "end": {
          "line": 14,
          "column": 18
        }
      },
      "14": {
        "start": {
          "line": 15,
          "column": 0
        },
        "end": {
          "line": 15,
          "column": 3
        }
      },
      "15": {
        "start": {
          "line": 16,
          "column": 0
        },
        "end": {
          "line": 16,
          "column": 22
        }
      },
      "16": {
        "start": {
          "line": 17,
          "column": 0
        },
        "end": {
          "line": 17,
          "column": 27
        }
      },
      "17": {
        "start": {
          "line": 18,
          "column": 0
        },
        "end": {
          "line": 18,
          "column": 13
        }
      },
      "18": {
        "start": {
          "line": 19,
          "column": 0
        },
        "end": {
          "line": 19,
          "column": 3
        }
      },
      "19": {
        "start": {
          "line": 20,
          "column": 0
        },
        "end": {
          "line": 20,
          "column": 24
        }
      },
      "20": {
        "start": {
          "line": 21,
          "column": 0
        },
        "end": {
          "line": 21,
          "column": 14
        }
      },
      "21": {
        "start": {
          "line": 22,
          "column": 0
        },
        "end": {
          "line": 22,
          "column": 29
        }
      },
      "22": {
        "start": {
          "line": 23,
          "column": 0
        },
        "end": {
          "line": 23,
          "column": 3
        }
      },
      "23": {
        "start": {
          "line": 24,
          "column": 0
        },
        "end": {
          "line": 24,
          "column": 22
        }
      },
      "24": {
        "start": {
          "line": 25,
          "column": 0
        },
        "end": {
          "line": 25,
          "column": 27
        }
      },
      "25": {
        "start": {
          "line": 26,
          "column": 0
        },
        "end": {
          "line": 26,
          "column": 3
        }
      },
      "26": {
        "start": {
          "line": 27,
          "column": 0
        },
        "end": {
          "line": 27,
          "column": 14
        }
      },
      "27": {
        "start": {
          "line": 28,
          "column": 0
        },
        "end": {
          "line": 28,
          "column": 29
        }
      },
      "28": {
        "start": {
          "line": 29,
          "column": 0
        },
        "end": {
          "line": 29,
          "column": 3
        }
      },
      "29": {
        "start": {
          "line": 30,
          "column": 0
        },
        "end": {
          "line": 30,
          "column": 1
        }
      },
      "30": {
        "start": {
          "line": 31,
          "column": 0
        },
        "end": {
          "line": 31,
          "column": 0
        }
      },
      "31": {
        "start": {
          "line": 32,
          "column": 0
        },
        "end": {
          "line": 32,
          "column": 25
        }
      },
      "32": {
        "start": {
          "line": 33,
          "column": 0
        },
        "end": {
          "line": 33,
          "column": 26
        }
      },
      "33": {
        "start": {
          "line": 34,
          "column": 0
        },
        "end": {
          "line": 34,
          "column": 11
        }
      }
    },
    "s": {
      "0": 1,
      "1": 1,
      "2": 1,
      "3": 1,
      "4": 1,
      "5": 1,
      "6": 1,
      "7": 2,
      "8": 2,
      "9": 2,
      "10": 2,
      "11": 0,
      "12": 0,
      "13": 2,
      "14": 2,
      "15": 1,
      "16": 1,
      "17": 1,
      "18": 1,
      "19": 1,
      "20": 1,
      "21": 1,
      "22": 1,
      "23": 1,
      "24": 2,
      "25": 2,
      "26": 1,
      "27": 0,
      "28": 0,
      "29": 1,
      "30": 1,
      "31": 1,
      "32": 1,
      "33": 1
    },
    "branchMap": {
      "0": {
        "type": "branch",
        "line": 5,
        "loc": {
          "start": {
            "line": 5,
            "column": 0
          },
          "end": {
            "line": 30,
            "column": 1
          }
        },
        "locations": [
          {
            "start": {
              "line": 5,
              "column": 0
            },
            "end": {
              "line": 30,
              "column": 1
            }
          }
        ]
      },
      "1": {
        "type": "branch",
        "line": 7,
        "loc": {
          "start": {
            "line": 7,
            "column": 2
          },
          "end": {
            "line": 15,
            "column": 3
          }
        },
        "locations": [
          {
            "start": {
              "line": 7,
              "column": 2
            },
            "end": {
              "line": 15,
              "column": 3
            }
          }
        ]
      },
      "2": {
        "type": "branch",
        "line": 8,
        "loc": {
          "start": {
            "line": 8,
            "column": 23
          },
          "end": {
            "line": 8,
            "column": 34
          }
        },
        "locations": [
          {
            "start": {
              "line": 8,
              "column": 23
            },
            "end": {
              "line": 8,
              "column": 34
            }
          }
        ]
      },
      "3": {
        "type": "branch",
        "line": 8,
        "loc": {
          "start": {
            "line": 8,
            "column": 35
          },
          "end": {
            "line": 8,
            "column": 39
          }
        },
        "locations": [
          {
            "start": {
              "line": 8,
              "column": 35
            },
            "end": {
              "line": 8,
              "column": 39
            }
          }
        ]
      },
      "4": {
        "type": "branch",
        "line": 11,
        "loc": {
          "start": {
            "line": 11,
            "column": 5
          },
          "end": {
            "line": 13,
            "column": 5
          }
        },
        "locations": [
          {
            "start": {
              "line": 11,
              "column": 5
            },
            "end": {
              "line": 13,
              "column": 5
            }
          }
        ]
      },
      "5": {
        "type": "branch",
        "line": 16,
        "loc": {
          "start": {
            "line": 16,
            "column": 2
          },
          "end": {
            "line": 19,
            "column": 3
          }
        },
        "locations": [
          {
            "start": {
              "line": 16,
              "column": 2
            },
            "end": {
              "line": 19,
              "column": 3
            }
          }
        ]
      },
      "6": {
        "type": "branch",
        "line": 24,
        "loc": {
          "start": {
            "line": 24,
            "column": 2
          },
          "end": {
            "line": 26,
            "column": 3
          }
        },
        "locations": [
          {
            "start": {
              "line": 24,
              "column": 2
            },
            "end": {
              "line": 26,
              "column": 3
            }
          }
        ]
      }
    },
    "b": {
      "0": [
        1
      ],
      "1": [
        2
      ],
      "2": [
        1
      ],
      "3": [
        1
      ],
      "4": [
        0
      ],
      "5": [
        1
      ],
      "6": [
        2
      ]
    },
    "fnMap": {
      "0": {
        "name": "Foo",
        "decl": {
          "start": {
            "line": 7,
            "column": 2
          },
          "end": {
            "line": 15,
            "column": 3
          }
        },
        "loc": {
          "start": {
            "line": 7,
            "column": 2
          },
          "end": {
            "line": 15,
            "column": 3
          }
        },
        "line": 7
      },
      "1": {
        "name": "Foo.methodA",
        "decl": {
          "start": {
            "line": 16,
            "column": 2
          },
          "end": {
            "line": 19,
            "column": 3
          }
        },
        "loc": {
          "start": {
            "line": 16,
            "column": 2
          },
          "end": {
            "line": 19,
            "column": 3
          }
        },
        "line": 16
      },
      "2": {
        "name": "Foo.methodB",
        "decl": {
          "start": {
            "line": 21,
            "column": 2
          },
          "end": {
            "line": 23,
            "column": 3
          }
        },
        "loc": {
          "start": {
            "line": 21,
            "column": 2
          },
          "end": {
            "line": 23,
            "column": 3
          }
        },
        "line": 21
      },
      "3": {
        "name": "Foo.methodC",
        "decl": {
          "start": {
            "line": 24,
            "column": 2
          },
          "end": {
            "line": 26,
            "column": 3
          }
        },
        "loc": {
          "start": {
            "line": 24,
            "column": 2
          },
          "end": {
            "line": 26,
            "column": 3
          }
        },
        "line": 24
      },
      "4": {
        "name": "Foo.methodD",
        "decl": {
          "start": {
            "line": 27,
            "column": 2
          },
          "end": {
            "line": 29,
            "column": 3
          }
        },
        "loc": {
          "start": {
            "line": 27,
            "column": 2
          },
          "end": {
            "line": 29,
            "column": 3
          }
        },
        "line": 27
      }
    },
    "f": {
      "0": 2,
      "1": 1,
      "2": 1,
      "3": 2,
      "4": 0
    }
  }
}