{
  "test/fixtures/c8/source-maps/branches/branches.js": {
    "path": "test/fixtures/c8/source-maps/branches/branches.js",
    "all": false,
    "statementMap": {
      "0": {
        "start": {
          "line": 1,
          "column": 0
        },
        "end": {
          "line": 1,
          "column": 12
        }
      },
      "1": {
        "start": {
          "line": 2,
          "column": 0
        },
        "end": {
          "line": 2,
          "column": 29
        }
      },
      "2": {
        "start": {
          "line": 3,
          "column": 0
        },
        "end": {
          "line": 3,
          "column": 18
        }
      },
      "3": {
        "start": {
          "line": 4,
          "column": 0
        },
        "end": {
          "line": 4,
          "column": 27
        }
      },
      "4": {
        "start": {
          "line": 5,
          "column": 0
        },
        "end": {
          "line": 5,
          "column": 8
        }
      },
      "5": {
        "start": {
          "line": 6,
          "column": 0
        },
        "end": {
          "line": 6,
          "column": 29
        }
      },
      "6": {
        "start": {
          "line": 7,
          "column": 0
        },
        "end": {
          "line": 7,
          "column": 1
        }
      },
      "7": {
        "start": {
          "line": 8,
          "column": 0
        },
        "end": {
          "line": 8,
          "column": 0
        }
      },
      "8": {
        "start": {
          "line": 9,
          "column": 0
        },
        "end": {
          "line": 9,
          "column": 21
        }
      },
      "9": {
        "start": {
          "line": 10,
          "column": 0
        },
        "end": {
          "line": 10,
          "column": 10
        }
      },
      "10": {
        "start": {
          "line": 11,
          "column": 0
        },
        "end": {
          "line": 11,
          "column": 28
        }
      },
      "11": {
        "start": {
          "line": 12,
          "column": 0
        },
        "end": {
          "line": 12,
          "column": 25
        }
      },
      "12": {
        "start": {
          "line": 13,
          "column": 0
        },
        "end": {
          "line": 13,
          "column": 31
        }
      },
      "13": {
        "start": {
          "line": 14,
          "column": 0
        },
        "end": {
          "line": 14,
          "column": 10
        }
      },
      "14": {
        "start": {
          "line": 15,
          "column": 0
        },
        "end": {
          "line": 15,
          "column": 29
        }
      },
      "15": {
        "start": {
          "line": 16,
          "column": 0
        },
        "end": {
          "line": 16,
          "column": 3
        }
      },
      "16": {
        "start": {
          "line": 17,
          "column": 0
        },
        "end": {
          "line": 17,
          "column": 1
        }
      },
      "17": {
        "start": {
          "line": 18,
          "column": 0
        },
        "end": {
          "line": 18,
          "column": 0
        }
      },
      "18": {
        "start": {
          "line": 19,
          "column": 0
        },
        "end": {
          "line": 19,
          "column": 12
        }
      },
      "19": {
        "start": {
          "line": 20,
          "column": 0
        },
        "end": {
          "line": 20,
          "column": 13
        }
      }
    },
    "s": {
      "0": 1,
      "1": 0,
      "2": 1,
      "3": 1,
      "4": 0,
      "5": 0,
      "6": 1,
      "7": 1,
      "8": 2,
      "9": 2,
      "10": 1,
      "11": 1,
      "12": 0,
      "13": 1,
      "14": 1,
      "15": 1,
      "16": 1,
      "17": 1,
      "18": 1,
      "19": 1
    },
    "branchMap": {
      "0": {
        "type": "branch",
        "line": 1,
        "loc": {
          "start": {
            "line": 1,
            "column": 11
          },
          "end": {
            "line": 2,
            "column": 29
          }
        },
        "locations": [
          {
            "start": {
              "line": 1,
              "column": 11
            },
            "end": {
              "line": 2,
              "column": 29
            }
          }
        ]
      },
      "1": {
        "type": "branch",
        "line": 4,
        "loc": {
          "start": {
            "line": 4,
            "column": 15
          },
          "end": {
            "line": 6,
            "column": 29
          }
        },
        "locations": [
          {
            "start": {
              "line": 4,
              "column": 15
            },
            "end": {
              "line": 6,
              "column": 29
            }
          }
        ]
      },
      "2": {
        "type": "branch",
        "line": 9,
        "loc": {
          "start": {
            "line": 9,
            "column": 0
          },
          "end": {
            "line": 15,
            "column": 29
          }
        },
        "locations": [
          {
            "start": {
              "line": 9,
              "column": 0
            },
            "end": {
              "line": 15,
              "column": 29
            }
          }
        ]
      },
      "3": {
        "type": "branch",
        "line": 10,
        "loc": {
          "start": {
            "line": 10,
            "column": 9
          },
          "end": {
            "line": 15,
            "column": 29
          }
        },
        "locations": [
          {
            "start": {
              "line": 10,
              "column": 9
            },
            "end": {
              "line": 15,
              "column": 29
            }
          }
        ]
      },
      "4": {
        "type": "branch",
        "line": 12,
        "loc": {
          "start": {
            "line": 12,
            "column": 24
          },
          "end": {
            "line": 13,
            "column": 31
          }
        },
        "locations": [
          {
            "start": {
              "line": 12,
              "column": 24
            },
            "end": {
              "line": 13,
              "column": 31
            }
          }
        ]
      }
    },
    "b": {
      "0": [
        0
      ],
      "1": [
        0
      ],
      "2": [
        2
      ],
      "3": [
        1
      ],
      "4": [
        0
      ]
    },
    "fnMap": {
      "0": {
        "name": "branch",
        "decl": {
          "start": {
            "line": 9,
            "column": 0
          },
          "end": {
            "line": 15,
            "column": 29
          }
        },
        "loc": {
          "start": {
            "line": 9,
            "column": 0
          },
          "end": {
            "line": 15,
            "column": 29
          }
        },
        "line": 9
      }
    },
    "f": {
      "0": 2
    }
  }
}