{
  "test/fixtures/c8/shebang.js": {
    "path": "test/fixtures/c8/shebang.js",
    "all": false,
    "statementMap": {
      "0": {
        "start": {
          "line": 1,
          "column": 0
        },
        "end": {
          "line": 1,
          "column": 19
        }
      },
      "1": {
        "start": {
          "line": 2,
          "column": 0
        },
        "end": {
          "line": 2,
          "column": 12
        }
      },
      "2": {
        "start": {
          "line": 3,
          "column": 0
        },
        "end": {
          "line": 3,
          "column": 0
        }
      },
      "3": {
        "start": {
          "line": 4,
          "column": 0
        },
        "end": {
          "line": 4,
          "column": 11
        }
      },
      "4": {
        "start": {
          "line": 5,
          "column": 0
        },
        "end": {
          "line": 5,
          "column": 29
        }
      },
      "5": {
        "start": {
          "line": 6,
          "column": 0
        },
        "end": {
          "line": 6,
          "column": 8
        }
      },
      "6": {
        "start": {
          "line": 7,
          "column": 0
        },
        "end": {
          "line": 7,
          "column": 32
        }
      },
      "7": {
        "start": {
          "line": 8,
          "column": 0
        },
        "end": {
          "line": 8,
          "column": 1
        }
      }
    },
    "s": {
      "0": 1,
      "1": 1,
      "2": 1,
      "3": 1,
      "4": 1,
      "5": 1,
      "6": 0,
      "7": 0
    },
    "branchMap": {
      "0": {
        "type": "branch",
        "line": 1,
        "loc": {
          "start": {
            "line": 1,
            "column": 0
          },
          "end": {
            "line": 8,
            "column": 1
          }
        },
        "locations": [
          {
            "start": {
              "line": 1,
              "column": 0
            },
            "end": {
              "line": 8,
              "column": 1
            }
          }
        ]
      },
      "1": {
        "type": "branch",
        "line": 6,
        "loc": {
          "start": {
            "line": 6,
            "column": 1
          },
          "end": {
            "line": 8,
            "column": 1
          }
        },
        "locations": [
          {
            "start": {
              "line": 6,
              "column": 1
            },
            "end": {
              "line": 8,
              "column": 1
            }
          }
        ]
      }
    },
    "b": {
      "0": [
        1
      ],
      "1": [
        0
      ]
    },
    "fnMap": {},
    "f": {}
  }
}