{
  "stdout": "hello world\n",
  "stderr": "",
  "status": 0,
  "signal": null
}