{
  "stdout": "covered\ncovered\n",
  "stderr": "",
  "status": 0,
  "signal": null
}