{
  "stdout": "zero\npositive\nnegative\n",
  "stderr": "",
  "status": 0,
  "signal": null
}