{
  "test/fixtures/c8/source-maps/branches/branches.typescript.ts": {
    "path": "test/fixtures/c8/source-maps/branches/branches.typescript.ts",
    "all": false,
    "statementMap": {
      "0": {
        "start": {
          "line": 1,
          "column": 0
        },
        "end": {
          "line": 1,
          "column": 12
        }
      },
      "1": {
        "start": {
          "line": 2,
          "column": 0
        },
        "end": {
          "line": 2,
          "column": 13
        }
      },
      "2": {
        "start": {
          "line": 3,
          "column": 0
        },
        "end": {
          "line": 3,
          "column": 13
        }
      },
      "3": {
        "start": {
          "line": 4,
          "column": 0
        },
        "end": {
          "line": 4,
          "column": 1
        }
      },
      "4": {
        "start": {
          "line": 5,
          "column": 0
        },
        "end": {
          "line": 5,
          "column": 0
        }
      },
      "5": {
        "start": {
          "line": 6,
          "column": 0
        },
        "end": {
          "line": 6,
          "column": 12
        }
      },
      "6": {
        "start": {
          "line": 7,
          "column": 0
        },
        "end": {
          "line": 7,
          "column": 29
        }
      },
      "7": {
        "start": {
          "line": 8,
          "column": 0
        },
        "end": {
          "line": 8,
          "column": 18
        }
      },
      "8": {
        "start": {
          "line": 9,
          "column": 0
        },
        "end": {
          "line": 9,
          "column": 27
        }
      },
      "9": {
        "start": {
          "line": 10,
          "column": 0
        },
        "end": {
          "line": 10,
          "column": 8
        }
      },
      "10": {
        "start": {
          "line": 11,
          "column": 0
        },
        "end": {
          "line": 11,
          "column": 29
        }
      },
      "11": {
        "start": {
          "line": 12,
          "column": 0
        },
        "end": {
          "line": 12,
          "column": 1
        }
      },
      "12": {
        "start": {
          "line": 13,
          "column": 0
        },
        "end": {
          "line": 13,
          "column": 0
        }
      },
      "13": {
        "start": {
          "line": 14,
          "column": 0
        },
        "end": {
          "line": 14,
          "column": 30
        }
      },
      "14": {
        "start": {
          "line": 15,
          "column": 0
        },
        "end": {
          "line": 15,
          "column": 10
        }
      },
      "15": {
        "start": {
          "line": 16,
          "column": 0
        },
        "end": {
          "line": 16,
          "column": 28
        }
      },
      "16": {
        "start": {
          "line": 17,
          "column": 0
        },
        "end": {
          "line": 17,
          "column": 25
        }
      },
      "17": {
        "start": {
          "line": 18,
          "column": 0
        },
        "end": {
          "line": 18,
          "column": 31
        }
      },
      "18": {
        "start": {
          "line": 19,
          "column": 0
        },
        "end": {
          "line": 19,
          "column": 10
        }
      },
      "19": {
        "start": {
          "line": 20,
          "column": 0
        },
        "end": {
          "line": 20,
          "column": 29
        }
      },
      "20": {
        "start": {
          "line": 21,
          "column": 0
        },
        "end": {
          "line": 21,
          "column": 3
        }
      },
      "21": {
        "start": {
          "line": 22,
          "column": 0
        },
        "end": {
          "line": 22,
          "column": 1
        }
      },
      "22": {
        "start": {
          "line": 23,
          "column": 0
        },
        "end": {
          "line": 23,
          "column": 0
        }
      },
      "23": {
        "start": {
          "line": 24,
          "column": 0
        },
        "end": {
          "line": 24,
          "column": 22
        }
      },
      "24": {
        "start": {
          "line": 25,
          "column": 0
        },
        "end": {
          "line": 25,
          "column": 23
        }
      }
    },
    "s": {
      "0": 1,
      "1": 1,
      "2": 1,
      "3": 1,
      "4": 1,
      "5": 1,
      "6": 0,
      "7": 1,
      "8": 1,
      "9": 1,
      "10": 0,
      "11": 0,
      "12": 1,
      "13": 2,
      "14": 2,
      "15": 1,
      "16": 1,
      "17": 0,
      "18": 1,
      "19": 1,
      "20": 1,
      "21": 2,
      "22": 1,
      "23": 1,
      "24": 1
    },
    "branchMap": {
      "0": {
        "type": "branch",
        "line": 6,
        "loc": {
          "start": {
            "line": 6,
            "column": 11
          },
          "end": {
            "line": 8,
            "column": 7
          }
        },
        "locations": [
          {
            "start": {
              "line": 6,
              "column": 11
            },
            "end": {
              "line": 8,
              "column": 7
            }
          }
        ]
      },
      "1": {
        "type": "branch",
        "line": 10,
        "loc": {
          "start": {
            "line": 10,
            "column": 1
          },
          "end": {
            "line": 12,
            "column": 1
          }
        },
        "locations": [
          {
            "start": {
              "line": 10,
              "column": 1
            },
            "end": {
              "line": 12,
              "column": 1
            }
          }
        ]
      },
      "2": {
        "type": "branch",
        "line": 1,
        "loc": {
          "start": {
            "line": 1,
            "column": 0
          },
          "end": {
            "line": 4,
            "column": 1
          }
        },
        "locations": [
          {
            "start": {
              "line": 1,
              "column": 0
            },
            "end": {
              "line": 4,
              "column": 1
            }
          }
        ]
      },
      "3": {
        "type": "branch",
        "line": 14,
        "loc": {
          "start": {
            "line": 14,
            "column": 0
          },
          "end": {
            "line": 22,
            "column": 1
          }
        },
        "locations": [
          {
            "start": {
              "line": 14,
              "column": 0
            },
            "end": {
              "line": 22,
              "column": 1
            }
          }
        ]
      },
      "4": {
        "type": "branch",
        "line": 15,
        "loc": {
          "start": {
            "line": 15,
            "column": 9
          },
          "end": {
            "line": 21,
            "column": 3
          }
        },
        "locations": [
          {
            "start": {
              "line": 15,
              "column": 9
            },
            "end": {
              "line": 21,
              "column": 3
            }
          }
        ]
      },
      "5": {
        "type": "branch",
        "line": 17,
        "loc": {
          "start": {
            "line": 17,
            "column": 24
          },
          "end": {
            "line": 19,
            "column": 9
          }
        },
        "locations": [
          {
            "start": {
              "line": 17,
              "column": 24
            },
            "end": {
              "line": 19,
              "column": 9
            }
          }
        ]
      }
    },
    "b": {
      "0": [
        0
      ],
      "1": [
        0
      ],
      "2": [
        1
      ],
      "3": [
        2
      ],
      "4": [
        1
      ],
      "5": [
        0
      ]
    },
    "fnMap": {
      "0": {
        "name": "branch",
        "decl": {
          "start": {
            "line": 14,
            "column": 0
          },
          "end": {
            "line": 22,
            "column": 1
          }
        },
        "loc": {
          "start": {
            "line": 14,
            "column": 0
          },
          "end": {
            "line": 22,
            "column": 1
          }
        },
        "line": 14
      }
    },
    "f": {
      "0": 2
    }
  }
}