{
  "stdout": "hey\ni am a line of code\nwhat\nhey\nwhat\nhey\nwhat\nhey\n",
  "stderr": "",
  "status": 0,
  "signal": null
}